
> hrms-frontend@0.0.0 build
> tsc -b && vite build

src/app/components/layout/AppLayout.tsx(3,24): error TS2307: Cannot find module '@/components/ui/button' or its corresponding type declarations.
src/components/common/EmptyState.tsx(2,24): error TS2307: Cannot find module '../ui/button' or its corresponding type declarations.
src/components/common/ErrorState.tsx(2,24): error TS2307: Cannot find module '../ui/button' or its corresponding type declarations.
src/components/common/PaginationControls.tsx(1,24): error TS2307: Cannot find module '../ui/button' or its corresponding type declarations.
src/components/common/SearchInput.tsx(2,23): error TS2307: Cannot find module '../ui/input' or its corresponding type declarations.
src/components/common/SearchInput.tsx(37,20): error TS7006: Parameter 'e' implicitly has an 'any' type.
src/components/skeletons/index.tsx(1,26): error TS2307: Cannot find module '../ui/skeleton' or its corresponding type declarations.
src/features/auth/pages/LoginPage.tsx(3,87): error TS2307: Cannot find module '@/components/ui/card' or its corresponding type declarations.
src/features/auth/pages/LoginPage.tsx(4,23): error TS2307: Cannot find module '@/components/ui/input' or its corresponding type declarations.
src/features/auth/pages/LoginPage.tsx(5,24): error TS2307: Cannot find module '@/components/ui/button' or its corresponding type declarations.
src/features/auth/pages/LoginPage.tsx(6,23): error TS2307: Cannot find module '@/components/ui/label' or its corresponding type declarations.
src/features/auth/store/useAuthStore.ts(3,10): error TS1484: 'User' is a type and must be imported using a type-only import when 'verbatimModuleSyntax' is enabled.
src/features/cities/services/cityService.ts(2,10): error TS1484: 'ApiResponse' is a type and must be imported using a type-only import when 'verbatimModuleSyntax' is enabled.
src/features/cities/services/cityService.ts(3,10): error TS1484: 'City' is a type and must be imported using a type-only import when 'verbatimModuleSyntax' is enabled.
src/features/employers/services/employerService.ts(2,10): error TS1484: 'ApiResponse' is a type and must be imported using a type-only import when 'verbatimModuleSyntax' is enabled.
src/features/employers/services/employerService.ts(3,10): error TS1484: 'EmployerResponse' is a type and must be imported using a type-only import when 'verbatimModuleSyntax' is enabled.
src/features/home/components/CTASection.tsx(2,24): error TS2307: Cannot find module '@/components/ui/button' or its corresponding type declarations.
src/features/home/components/FeaturedJobs.tsx(6,24): error TS2307: Cannot find module '@/components/ui/button' or its corresponding type declarations.
src/features/home/components/FeaturedJobs.tsx(7,23): error TS2307: Cannot find module '@/components/ui/badge' or its corresponding type declarations.
src/features/home/components/HeroSection.tsx(4,24): error TS2307: Cannot find module '@/components/ui/button' or its corresponding type declarations.
src/features/jobs/services/jobService.ts(2,10): error TS1484: 'ApiResponse' is a type and must be imported using a type-only import when 'verbatimModuleSyntax' is enabled.
src/features/jobs/services/jobService.ts(3,10): error TS1484: 'JobAdvertisementResponse' is a type and must be imported using a type-only import when 'verbatimModuleSyntax' is enabled.
src/features/jobtitles/services/jobTitleService.ts(2,10): error TS1484: 'ApiResponse' is a type and must be imported using a type-only import when 'verbatimModuleSyntax' is enabled.
src/features/jobtitles/services/jobTitleService.ts(3,10): error TS1484: 'JobTitle' is a type and must be imported using a type-only import when 'verbatimModuleSyntax' is enabled.
